// Jest Snapshot v1, https://goo.gl/fbAQLP

exports[`Button render with snapshot 1`] = `
<DocumentFragment>
  <button
    class="button"
    data-testid="submitbutton"
  >
    test
  </button>
</DocumentFragment>
`;
